Archive member included to satisfy reference by file (symbol)

C:/ST/STM32CubeIDE_1.17.0/STM32CubeIDE/plugins/com.st.stm32cube.ide.mcu.externaltools.gnu-tools-for-stm32.13.3.rel1.win32_1.0.0.202411081344/tools/bin/../lib/gcc/arm-none-eabi/13.3.1/../../../../arm-none-eabi/lib/thumb/v7-m/nofp\libc_nano.a(libc_a-exit.o)
                              C:/ST/STM32CubeIDE_1.17.0/STM32CubeIDE/plugins/com.st.stm32cube.ide.mcu.externaltools.gnu-tools-for-stm32.13.3.rel1.win32_1.0.0.202411081344/tools/bin/../lib/gcc/arm-none-eabi/13.3.1/../../../../arm-none-eabi/lib/thumb/v7-m/nofp/crt0.o (exit)
C:/ST/STM32CubeIDE_1.17.0/STM32CubeIDE/plugins/com.st.stm32cube.ide.mcu.externaltools.gnu-tools-for-stm32.13.3.rel1.win32_1.0.0.202411081344/tools/bin/../lib/gcc/arm-none-eabi/13.3.1/../../../../arm-none-eabi/lib/thumb/v7-m/nofp\libc_nano.a(libc_a-findfp.o)
                              C:/ST/STM32CubeIDE_1.17.0/STM32CubeIDE/plugins/com.st.stm32cube.ide.mcu.externaltools.gnu-tools-for-stm32.13.3.rel1.win32_1.0.0.202411081344/tools/bin/../lib/gcc/arm-none-eabi/13.3.1/../../../../arm-none-eabi/lib/thumb/v7-m/nofp\libc_nano.a(libc_a-exit.o) (__stdio_exit_handler)
C:/ST/STM32CubeIDE_1.17.0/STM32CubeIDE/plugins/com.st.stm32cube.ide.mcu.externaltools.gnu-tools-for-stm32.13.3.rel1.win32_1.0.0.202411081344/tools/bin/../lib/gcc/arm-none-eabi/13.3.1/../../../../arm-none-eabi/lib/thumb/v7-m/nofp\libc_nano.a(libc_a-fwalk.o)
                              C:/ST/STM32CubeIDE_1.17.0/STM32CubeIDE/plugins/com.st.stm32cube.ide.mcu.externaltools.gnu-tools-for-stm32.13.3.rel1.win32_1.0.0.202411081344/tools/bin/../lib/gcc/arm-none-eabi/13.3.1/../../../../arm-none-eabi/lib/thumb/v7-m/nofp\libc_nano.a(libc_a-findfp.o) (_fwalk_sglue)
C:/ST/STM32CubeIDE_1.17.0/STM32CubeIDE/plugins/com.st.stm32cube.ide.mcu.externaltools.gnu-tools-for-stm32.13.3.rel1.win32_1.0.0.202411081344/tools/bin/../lib/gcc/arm-none-eabi/13.3.1/../../../../arm-none-eabi/lib/thumb/v7-m/nofp\libc_nano.a(libc_a-stdio.o)
                              C:/ST/STM32CubeIDE_1.17.0/STM32CubeIDE/plugins/com.st.stm32cube.ide.mcu.externaltools.gnu-tools-for-stm32.13.3.rel1.win32_1.0.0.202411081344/tools/bin/../lib/gcc/arm-none-eabi/13.3.1/../../../../arm-none-eabi/lib/thumb/v7-m/nofp\libc_nano.a(libc_a-findfp.o) (__sread)
C:/ST/STM32CubeIDE_1.17.0/STM32CubeIDE/plugins/com.st.stm32cube.ide.mcu.externaltools.gnu-tools-for-stm32.13.3.rel1.win32_1.0.0.202411081344/tools/bin/../lib/gcc/arm-none-eabi/13.3.1/../../../../arm-none-eabi/lib/thumb/v7-m/nofp\libc_nano.a(libc_a-memset.o)
                              C:/ST/STM32CubeIDE_1.17.0/STM32CubeIDE/plugins/com.st.stm32cube.ide.mcu.externaltools.gnu-tools-for-stm32.13.3.rel1.win32_1.0.0.202411081344/tools/bin/../lib/gcc/arm-none-eabi/13.3.1/../../../../arm-none-eabi/lib/thumb/v7-m/nofp/crt0.o (memset)
C:/ST/STM32CubeIDE_1.17.0/STM32CubeIDE/plugins/com.st.stm32cube.ide.mcu.externaltools.gnu-tools-for-stm32.13.3.rel1.win32_1.0.0.202411081344/tools/bin/../lib/gcc/arm-none-eabi/13.3.1/../../../../arm-none-eabi/lib/thumb/v7-m/nofp\libc_nano.a(libc_a-closer.o)
                              C:/ST/STM32CubeIDE_1.17.0/STM32CubeIDE/plugins/com.st.stm32cube.ide.mcu.externaltools.gnu-tools-for-stm32.13.3.rel1.win32_1.0.0.202411081344/tools/bin/../lib/gcc/arm-none-eabi/13.3.1/../../../../arm-none-eabi/lib/thumb/v7-m/nofp\libc_nano.a(libc_a-stdio.o) (_close_r)
C:/ST/STM32CubeIDE_1.17.0/STM32CubeIDE/plugins/com.st.stm32cube.ide.mcu.externaltools.gnu-tools-for-stm32.13.3.rel1.win32_1.0.0.202411081344/tools/bin/../lib/gcc/arm-none-eabi/13.3.1/../../../../arm-none-eabi/lib/thumb/v7-m/nofp\libc_nano.a(libc_a-reent.o)
                              C:/ST/STM32CubeIDE_1.17.0/STM32CubeIDE/plugins/com.st.stm32cube.ide.mcu.externaltools.gnu-tools-for-stm32.13.3.rel1.win32_1.0.0.202411081344/tools/bin/../lib/gcc/arm-none-eabi/13.3.1/../../../../arm-none-eabi/lib/thumb/v7-m/nofp\libc_nano.a(libc_a-closer.o) (errno)
C:/ST/STM32CubeIDE_1.17.0/STM32CubeIDE/plugins/com.st.stm32cube.ide.mcu.externaltools.gnu-tools-for-stm32.13.3.rel1.win32_1.0.0.202411081344/tools/bin/../lib/gcc/arm-none-eabi/13.3.1/../../../../arm-none-eabi/lib/thumb/v7-m/nofp\libc_nano.a(libc_a-impure.o)
                              C:/ST/STM32CubeIDE_1.17.0/STM32CubeIDE/plugins/com.st.stm32cube.ide.mcu.externaltools.gnu-tools-for-stm32.13.3.rel1.win32_1.0.0.202411081344/tools/bin/../lib/gcc/arm-none-eabi/13.3.1/../../../../arm-none-eabi/lib/thumb/v7-m/nofp\libc_nano.a(libc_a-reent.o) (_impure_ptr)
C:/ST/STM32CubeIDE_1.17.0/STM32CubeIDE/plugins/com.st.stm32cube.ide.mcu.externaltools.gnu-tools-for-stm32.13.3.rel1.win32_1.0.0.202411081344/tools/bin/../lib/gcc/arm-none-eabi/13.3.1/../../../../arm-none-eabi/lib/thumb/v7-m/nofp\libc_nano.a(libc_a-lseekr.o)
[...]
Memory Configuration

Name             Origin             Length             Attributes
RAM              0x20000000         0x00005000         xrw
FLASH            0x08000000         0x00010000         xr
*default*        0x00000000         0xffffffff

Linker script and memory map

LOAD C:/ST/STM32CubeIDE_1.17.0/STM32CubeIDE/plugins/com.st.stm32cube.ide.mcu.externaltools.gnu-tools-for-stm32.13.3.rel1.win32_1.0.0.202411081344/tools/bin/../lib/gcc/arm-none-eabi/13.3.1/thumb/v7-m/nofp/crti.o
LOAD C:/ST/STM32CubeIDE_1.17.0/STM32CubeIDE/plugins/com.st.stm32cube.ide.mcu.externaltools.gnu-tools-for-stm32.13.3.rel1.win32_1.0.0.202411081344/tools/bin/../lib/gcc/arm-none-eabi/13.3.1/thumb/v7-m/nofp/crtbegin.o
LOAD C:/ST/STM32CubeIDE_1.17.0/STM32CubeIDE/plugins/com.st.stm32cube.ide.mcu.externaltools.gnu-tools-for-stm32.13.3.rel1.win32_1.0.0.202411081344/tools/bin/../lib/gcc/arm-none-eabi/13.3.1/../../../../arm-none-eabi/lib/thumb/v7-m/nofp/crt0.o
LOAD ./Core/Src/gpio.o
LOAD ./Core/Src/i2c.o
LOAD ./Core/Src/main.o
LOAD ./Core/Src/nrf24l01p.o
LOAD ./Core/Src/spi.o
LOAD ./Core/Src/stm32f1xx_hal_msp.o
LOAD ./Core/Src/stm32f1xx_it.o
LOAD ./Core/Src/syscalls.o
LOAD ./Core/Src/sysmem.o
LOAD ./Core/Src/system_stm32f1xx.o
LOAD ./Core/Src/tim.o
LOAD ./Core/Src/usart.o
LOAD ./Core/Startup/startup_stm32f103c8tx.o
LOAD ./Drivers/STM32F1xx_HAL_Driver/Src/stm32f1xx_hal.o
LOAD ./Drivers/STM32F1xx_HAL_Driver/Src/stm32f1xx_hal_cortex.o
LOAD ./Drivers/STM32F1xx_HAL_Driver/Src/stm32f1xx_hal_dma.o
LOAD ./Drivers/STM32F1xx_HAL_Driver/Src/stm32f1xx_hal_exti.o
LOAD ./Drivers/STM32F1xx_HAL_Driver/Src/stm32f1xx_hal_flash.o
LOAD ./Drivers/STM32F1xx_HAL_Driver/Src/stm32f1xx_hal_flash_ex.o
LOAD ./Drivers/STM32F1xx_HAL_Driver/Src/stm32f1xx_hal_gpio.o
LOAD ./Drivers/STM32F1xx_HAL_Driver/Src/stm32f1xx_hal_gpio_ex.o
LOAD ./Drivers/STM32F1xx_HAL_Driver/Src/stm32f1xx_hal_i2c.o
LOAD ./Drivers/STM32F1xx_HAL_Driver/Src/stm32f1xx_hal_pwr.o
LOAD ./Drivers/STM32F1xx_HAL_Driver/Src/stm32f1xx_hal_rcc.o
LOAD ./Drivers/STM32F1xx_HAL_Driver/Src/stm32f1xx_hal_rcc_ex.o
LOAD ./Drivers/STM32F1xx_HAL_Driver/Src/stm32f1xx_hal_spi.o
LOAD ./Drivers/STM32F1xx_HAL_Driver/Src/stm32f1xx_hal_tim.o
LOAD ./Drivers/STM32F1xx_HAL_Driver/Src/stm32f1xx_hal_tim_ex.o
LOAD ./Drivers/STM32F1xx_HAL_Driver/Src/stm32f1xx_hal_uart.o
START GROUP
LOAD C:/ST/STM32CubeIDE_1.17.0/STM32CubeIDE/plugins/com.st.stm32cube.ide.mcu.externaltools.gnu-tools-for-stm32.13.3.rel1.win32_1.0.0.202411081344/tools/bin/../lib/gcc/arm-none-eabi/13.3.1/../../../../arm-none-eabi/lib/thumb/v7-m/nofp\libc_nano.a
LOAD C:/ST/STM32CubeIDE_1.17.0/STM32CubeIDE/plugins/com.st.stm32cube.ide.mcu.externaltools.gnu-tools-for-stm32.13.3.rel1.win32_1.0.0.202411081344/tools/bin/../lib/gcc/arm-none-eabi/13.3.1/../../../../arm-none-eabi/lib/thumb/v7-m/nofp\libm.a
END GROUP
START GROUP
LOAD C:/ST/STM32CubeIDE_1.17.0/STM32CubeIDE/plugins/com.st.stm32cube.ide.mcu.externaltools.gnu-tools-for-stm32.13.3.rel1.win32_1.0.0.202411081344/tools/bin/../lib/gcc/arm-none-eabi/13.3.1/thumb/v7-m/nofp\libgcc.a
LOAD C:/ST/STM32CubeIDE_1.17.0/STM32CubeIDE/plugins/com.st.stm32cube.ide.mcu.externaltools.gnu-tools-for-stm32.13.3.rel1.win32_1.0.0.202411081344/tools/bin/../lib/gcc/arm-none-eabi/13.3.1/../../../../arm-none-eabi/lib/thumb/v7-m/nofp\libc_nano.a
END GROUP
START GROUP
LOAD C:/ST/STM32CubeIDE_1.17.0/STM32CubeIDE/plugins/com.st.stm32cube.ide.mcu.externaltools.gnu-tools-for-stm32.13.3.rel1.win32_1.0.0.202411081344/tools/bin/../lib/gcc/arm-none-eabi/13.3.1/thumb/v7-m/nofp\libgcc.a
LOAD C:/ST/STM32CubeIDE_1.17.0/STM32CubeIDE/plugins/com.st.stm32cube.ide.mcu.externaltools.gnu-tools-for-stm32.13.3.rel1.win32_1.0.0.202411081344/tools/bin/../lib/gcc/arm-none-eabi/13.3.1/../../../../arm-none-eabi/lib/thumb/v7-m/nofp\libc_nano.a
LOAD C:/ST/STM32CubeIDE_1.17.0/STM32CubeIDE/plugins/com.st.stm32cube.ide.mcu.externaltools.gnu-tools-for-stm32.13.3.rel1.win32_1.0.0.202411081344/tools/bin/../lib/gcc/arm-none-eabi/13.3.1/../../../../arm-none-eabi/lib/thumb/v7-m/nofp\libnosys.a
END GROUP
START GROUP
LOAD C:/ST/STM32CubeIDE_1.17.0/STM32CubeIDE/plugins/com.st.stm32cube.ide.mcu.externaltools.gnu-tools-for-stm32.13.3.rel1.win32_1.0.0.202411081344/tools/bin/../lib/gcc/arm-none-eabi/13.3.1/thumb/v7-m/nofp\libgcc.a
LOAD C:/ST/STM32CubeIDE_1.17.0/STM32CubeIDE/plugins/com.st.stm32cube.ide.mcu.externaltools.gnu-tools-for-stm32.13.3.rel1.win32_1.0.0.202411081344/tools/bin/../lib/gcc/arm-none-eabi/13.3.1/../../../../arm-none-eabi/lib/thumb/v7-m/nofp\libc_nano.a
LOAD C:/ST/STM32CubeIDE_1.17.0/STM32CubeIDE/plugins/com.st.stm32cube.ide.mcu.externaltools.gnu-tools-for-stm32.13.3.rel1.win32_1.0.0.202411081344/tools/bin/../lib/gcc/arm-none-eabi/13.3.1/../../../../arm-none-eabi/lib/thumb/v7-m/nofp\libnosys.a
END GROUP
LOAD C:/ST/STM32CubeIDE_1.17.0/STM32CubeIDE/plugins/com.st.stm32cube.ide.mcu.externaltools.gnu-tools-for-stm32.13.3.rel1.win32_1.0.0.202411081344/tools/bin/../lib/gcc/arm-none-eabi/13.3.1/thumb/v7-m/nofp/crtend.o
LOAD C:/ST/STM32CubeIDE_1.17.0/STM32CubeIDE/plugins/com.st.stm32cube.ide.mcu.externaltools.gnu-tools-for-stm32.13.3.rel1.win32_1.0.0.202411081344/tools/bin/../lib/gcc/arm-none-eabi/13.3.1/thumb/v7-m/nofp/crtn.o
                0x20005000                        _estack = (ORIGIN (RAM) + LENGTH (RAM))
                0x00000200                        _Min_Heap_Size = 0x200
                0x00000400                        _Min_Stack_Size = 0x400

.isr_vector     0x08000000      0x10c
                0x08000000                        . = ALIGN (0x4)
 *(.isr_vector)
 .isr_vector    0x08000000      0x10c ./Core/Startup/startup_stm32f103c8tx.o
                0x08000000                g_pfnVectors
                0x0800010c                        . = ALIGN (0x4)

.text           0x0800010c     0x4818
                0x0800010c                        . = ALIGN (0x4)
 *(.text)
 .text          0x0800010c       0x40 C:/ST/STM32CubeIDE_1.17.0/STM32CubeIDE/plugins/com.st.stm32cube.ide.mcu.externaltools.gnu-tools-for-stm32.13.3.rel1.win32_1.0.0.202411081344/tools/bin/../lib/gcc/arm-none-eabi/13.3.1/thumb/v7-m/nofp/crtbegin.o
 *(.text*)
 .text.MX_GPIO_Init
                0x0800014c       0xe8 ./Core/Src/gpio.o
                0x0800014c                MX_GPIO_Init
 .text.MX_I2C1_Init
                0x08000234       0x5c ./Core/Src/i2c.o
                0x08000234                MX_I2C1_Init
 .text.HAL_I2C_MspInit
                0x08000290       0x7c ./Core/Src/i2c.o
                0x08000290                HAL_I2C_MspInit
 .text.checkPackit
                0x0800030c       0x5c ./Core/Src/main.o
                0x0800030c                checkPackit
 .text.lf_backward
                0x08000368       0x24 ./Core/Src/main.o
                0x08000368                lf_backward
 .text.lf_forward
                0x0800038c       0x24 ./Core/Src/main.o
                0x0800038c                lf_forward
 .text.rf_forward
                0x080003b0       0x24 ./Core/Src/main.o
                0x080003b0                rf_forward
 .text.rf_backward
                0x080003d4       0x24 ./Core/Src/main.o
                0x080003d4                rf_backward
 .text.lr_forward
                0x080003f8       0x20 ./Core/Src/main.o
                0x080003f8                lr_forward
 .text.lr_backward
                0x08000418       0x20 ./Core/Src/main.o
                0x08000418                lr_backward
 .text.rr_backward
                0x08000438       0x24 ./Core/Src/main.o
                0x08000438                rr_backward
 .text.rr_forward
                0x0800045c       0x24 ./Core/Src/main.o
                0x0800045c                rr_forward
 .text.brake    0x08000480       0x84 ./Core/Src/main.o
                0x08000480                brake
 .text.direction9
                0x08000504       0x38 ./Core/Src/main.o
                0x08000504                direction9
 .text.direction8
                0x0800053c       0x40 ./Core/Src/main.o
                0x0800053c                direction8
 .text.direction7
                0x0800057c       0x38 ./Core/Src/main.o
                0x0800057c                direction7
 .text.direction6
                0x080005b4       0x40 ./Core/Src/main.o
                0x080005b4                direction6
 .text.direction4
                0x080005f4       0x40 ./Core/Src/main.o
                0x080005f4                direction4
 .text.direction3
                0x08000634       0x38 ./Core/Src/main.o
                0x08000634                direction3
 .text.direction2
                0x0800066c       0x40 ./Core/Src/main.o
                0x0800066c                direction2
 .text.direction1
                0x080006ac       0x38 ./Core/Src/main.o
                0x080006ac                direction1
 .text.turnLeft
                0x080006e4       0x34 ./Core/Src/main.o
                0x080006e4                turnLeft
 .text.turnRight
                0x08000718       0x34 ./Core/Src/main.o
                0x08000718                turnRight
 .text.main     0x0800074c      0x164 ./Core/Src/main.o
                0x0800074c                main
 .text.SystemClock_Config
                0x080008b0       0x8a ./Core/Src/main.o
                0x080008b0                SystemClock_Config
 .text.MX_NVIC_Init
                0x0800093a       0x18 ./Core/Src/main.o
 *fill*         0x08000952        0x2 
 .text.HAL_GPIO_EXTI_Callback
                0x08000954       0x2c ./Core/Src/main.o
                0x08000954                HAL_GPIO_EXTI_Callback
 .text.Error_Handler
                0x08000980        0xc ./Core/Src/main.o
                0x08000980                Error_Handler
 .text.cs_high  0x0800098c       0x18 ./Core/Src/nrf24l01p.o
 .text.cs_low   0x080009a4       0x18 ./Core/Src/nrf24l01p.o
 .text.ce_high  0x080009bc       0x18 ./Core/Src/nrf24l01p.o
 .text.ce_low   0x080009d4       0x18 ./Core/Src/nrf24l01p.o
 .text.read_register
                0x080009ec       0x4c ./Core/Src/nrf24l01p.o
 .text.write_register
                0x08000a38       0x5c ./Core/Src/nrf24l01p.o
 .text.nrf24l01p_rx_init
                0x08000a94       0x5c ./Core/Src/nrf24l01p.o
                0x08000a94                nrf24l01p_rx_init
 .text.nrf24l01p_rx_receive
                0x08000af0       0x28 ./Core/Src/nrf24l01p.o
                0x08000af0                nrf24l01p_rx_receive
 .text.nrf24l01p_reset
                0x08000b18       0xa8 ./Core/Src/nrf24l01p.o
                0x08000b18                nrf24l01p_reset
 .text.nrf24l01p_prx_mode
                0x08000bc0       0x2a ./Core/Src/nrf24l01p.o
                0x08000bc0                nrf24l01p_prx_mode
 *fill*         0x08000bea        0x2 
 .text.nrf24l01p_read_rx_fifo
                0x08000bec       0x48 ./Core/Src/nrf24l01p.o
                0x08000bec                nrf24l01p_read_rx_fifo
 .text.nrf24l01p_flush_rx_fifo
                0x08000c34       0x30 ./Core/Src/nrf24l01p.o
                0x08000c34                nrf24l01p_flush_rx_fifo
 .text.nrf24l01p_flush_tx_fifo
                0x08000c64       0x30 ./Core/Src/nrf24l01p.o
                0x08000c64                nrf24l01p_flush_tx_fifo
 .text.nrf24l01p_get_status
                0x08000c94       0x34 ./Core/Src/nrf24l01p.o
                0x08000c94                nrf24l01p_get_status
 .text.nrf24l01p_rx_set_payload_widths
                0x08000cc8       0x1c ./Core/Src/nrf24l01p.o
                0x08000cc8                nrf24l01p_rx_set_payload_widths
 .text.nrf24l01p_clear_rx_dr
                0x08000ce4       0x28 ./Core/Src/nrf24l01p.o
                0x08000ce4                nrf24l01p_clear_rx_dr
 .text.nrf24l01p_power_up
                0x08000d0c       0x2a ./Core/Src/nrf24l01p.o
                0x08000d0c                nrf24l01p_power_up
 .text.nrf24l01p_set_crc_length
                0x08000d36       0x46 ./Core/Src/nrf24l01p.o
                0x08000d36                nrf24l01p_set_crc_length
 .text.nrf24l01p_set_address_widths
                0x08000d7c       0x20 ./Core/Src/nrf24l01p.o
                0x08000d7c                nrf24l01p_set_address_widths
 .text.nrf24l01p_auto_retransmit_count
                0x08000d9c       0x36 ./Core/Src/nrf24l01p.o
                0x08000d9c                nrf24l01p_auto_retransmit_count
 *fill*         0x08000dd2        0x2 
 .text.nrf24l01p_auto_retransmit_delay
                0x08000dd4       0x50 ./Core/Src/nrf24l01p.o
                0x08000dd4                nrf24l01p_auto_retransmit_delay
 .text.nrf24l01p_set_rf_channel
                0x08000e24       0x26 ./Core/Src/nrf24l01p.o
                0x08000e24                nrf24l01p_set_rf_channel
 .text.nrf24l01p_set_rf_tx_output_power
                0x08000e4a       0x3c ./Core/Src/nrf24l01p.o
                0x08000e4a                nrf24l01p_set_rf_tx_output_power
 .text.nrf24l01p_set_rf_air_data_rate
                0x08000e86       0x52 ./Core/Src/nrf24l01p.o
                0x08000e86                nrf24l01p_set_rf_air_data_rate
 .text.MX_SPI1_Init
                0x08000ed8       0x6c ./Core/Src/spi.o
                0x08000ed8                MX_SPI1_Init
 .text.HAL_SPI_MspInit
                0x08000f44       0x94 ./Core/Src/spi.o
                0x08000f44                HAL_SPI_MspInit
 .text.HAL_MspInit
                0x08000fd8       0x64 ./Core/Src/stm32f1xx_hal_msp.o
                0x08000fd8                HAL_MspInit
 .text.NMI_Handler
                0x0800103c        0x8 ./Core/Src/stm32f1xx_it.o
                0x0800103c                NMI_Handler
 .text.HardFault_Handler
                0x08001044        0x8 ./Core/Src/stm32f1xx_it.o
                0x08001044                HardFault_Handler
 .text.MemManage_Handler
                0x0800104c        0x8 ./Core/Src/stm32f1xx_it.o
                0x0800104c                MemManage_Handler
 .text.BusFault_Handler
                0x08001054        0x8 ./Core/Src/stm32f1xx_it.o
                0x08001054                BusFault_Handler
 .text.UsageFault_Handler
                0x0800105c        0x8 ./Core/Src/stm32f1xx_it.o
                0x0800105c                UsageFault_Handler
 .text.SVC_Handler
                0x08001064        0xc ./Core/Src/stm32f1xx_it.o
                0x08001064                SVC_Handler
 .text.DebugMon_Handler
                0x08001070        0xc ./Core/Src/stm32f1xx_it.o
                0x08001070                DebugMon_Handler
 .text.PendSV_Handler
                0x0800107c        0xc ./Core/Src/stm32f1xx_it.o
                0x0800107c                PendSV_Handler
 .text.SysTick_Handler
                0x08001088        0xc ./Core/Src/stm32f1xx_it.o
                0x08001088                SysTick_Handler
 .text.EXTI2_IRQHandler
                0x08001094        0xe ./Core/Src/stm32f1xx_it.o
                0x08001094                EXTI2_IRQHandler
 *fill*         0x080010a2        0x2 
 .text.USART3_IRQHandler
                0x080010a4       0x14 ./Core/Src/stm32f1xx_it.o
                0x080010a4                USART3_IRQHandler
 .text.SystemInit
                0x080010b8        0xc ./Core/Src/system_stm32f1xx.o
                0x080010b8                SystemInit
 .text.MX_TIM1_Init
                0x080010c4      0x188 ./Core/Src/tim.o
                0x080010c4                MX_TIM1_Init
 .text.HAL_TIM_Base_MspInit
                0x0800124c       0x3c ./Core/Src/tim.o
                0x0800124c                HAL_TIM_Base_MspInit
 .text.HAL_TIM_MspPostInit
                0x08001288       0x68 ./Core/Src/tim.o
                0x08001288                HAL_TIM_MspPostInit
 .text.MX_USART3_UART_Init
                0x080012f0       0x54 ./Core/Src/usart.o
                0x080012f0                MX_USART3_UART_Init
 .text.HAL_UART_MspInit
                0x08001344       0xa8 ./Core/Src/usart.o
                0x08001344                HAL_UART_MspInit
 .text.Reset_Handler
                0x080013ec       0x48 ./Core/Startup/startup_stm32f103c8tx.o
                0x080013ec                Reset_Handler
 .text.Default_Handler
                0x08001434        0x2 ./Core/Startup/startup_stm32f103c8tx.o
                0x08001434                RTC_Alarm_IRQHandler
                0x08001434                TIM1_CC_IRQHandler
                0x08001434                PVD_IRQHandler
                0x08001434                EXTI3_IRQHandler
                0x08001434                EXTI0_IRQHandler
                0x08001434                I2C2_EV_IRQHandler
                0x08001434                ADC1_2_IRQHandler
                0x08001434                SPI1_IRQHandler
                0x08001434                TAMPER_IRQHandler
                0x08001434                DMA1_Channel4_IRQHandler
                0x08001434                RTC_IRQHandler
                0x08001434                DMA1_Channel7_IRQHandler
                0x08001434                CAN1_RX1_IRQHandler
                0x08001434                TIM4_IRQHandler
                0x08001434                I2C1_EV_IRQHandler
                0x08001434                DMA1_Channel6_IRQHandler
                0x08001434                TIM3_IRQHandler
                0x08001434                RCC_IRQHandler
                0x08001434                TIM1_TRG_COM_IRQHandler
                0x08001434                DMA1_Channel1_IRQHandler
                0x08001434                Default_Handler
                0x08001434                EXTI15_10_IRQHandler
                0x08001434                EXTI9_5_IRQHandler
                0x08001434                SPI2_IRQHandler
                0x08001434                DMA1_Channel5_IRQHandler
                0x08001434                EXTI4_IRQHandler
                0x08001434                USB_LP_CAN1_RX0_IRQHandler
                0x08001434                USB_HP_CAN1_TX_IRQHandler
                0x08001434                DMA1_Channel3_IRQHandler
                0x08001434                TIM1_UP_IRQHandler
                0x08001434                WWDG_IRQHandler
                0x08001434                TIM2_IRQHandler
                0x08001434                TIM1_BRK_IRQHandler
                0x08001434                EXTI1_IRQHandler
                0x08001434                USART2_IRQHandler
                0x08001434                I2C2_ER_IRQHandler
                0x08001434                DMA1_Channel2_IRQHandler
                0x08001434                CAN1_SCE_IRQHandler
                0x08001434                FLASH_IRQHandler
                0x08001434                USART1_IRQHandler
                0x08001434                I2C1_ER_IRQHandler
                0x08001434                USBWakeUp_IRQHandler
 *fill*         0x08001436        0x2 
 .text.HAL_Init
                0x08001438       0x2c ./Drivers/STM32F1xx_HAL_Driver/Src/stm32f1xx_hal.o
                0x08001438                HAL_Init
 .text.HAL_InitTick
                0x08001464       0x60 ./Drivers/STM32F1xx_HAL_Driver/Src/stm32f1xx_hal.o
                0x08001464                HAL_InitTick
 .text.HAL_IncTick
                0x080014c4       0x24 ./Drivers/STM32F1xx_HAL_Driver/Src/stm32f1xx_hal.o
                0x080014c4                HAL_IncTick
 .text.HAL_GetTick
                0x080014e8       0x14 ./Drivers/STM32F1xx_HAL_Driver/Src/stm32f1xx_hal.o
                0x080014e8                HAL_GetTick
 .text.__NVIC_SetPriorityGrouping
                0x080014fc       0x48 ./Drivers/STM32F1xx_HAL_Driver/Src/stm32f1xx_hal_cortex.o
 .text.__NVIC_GetPriorityGrouping
                0x08001544       0x1c ./Drivers/STM32F1xx_HAL_Driver/Src/stm32f1xx_hal_cortex.o
 .text.__NVIC_EnableIRQ
                0x08001560       0x38 ./Drivers/STM32F1xx_HAL_Driver/Src/stm32f1xx_hal_cortex.o
 .text.__NVIC_SetPriority
                0x08001598       0x54 ./Drivers/STM32F1xx_HAL_Driver/Src/stm32f1xx_hal_cortex.o
 .text.NVIC_EncodePriority
                0x080015ec       0x64 ./Drivers/STM32F1xx_HAL_Driver/Src/stm32f1xx_hal_cortex.o
 .text.SysTick_Config
                0x08001650       0x44 ./Drivers/STM32F1xx_HAL_Driver/Src/stm32f1xx_hal_cortex.o
 .text.HAL_NVIC_SetPriorityGrouping
                0x08001694       0x16 ./Drivers/STM32F1xx_HAL_Driver/Src/stm32f1xx_hal_cortex.o
                0x08001694                HAL_NVIC_SetPriorityGrouping
 .text.HAL_NVIC_SetPriority
                0x080016aa       0x38 ./Drivers/STM32F1xx_HAL_Driver/Src/stm32f1xx_hal_cortex.o
                0x080016aa                HAL_NVIC_SetPriority
 .text.HAL_NVIC_EnableIRQ
                0x080016e2       0x1c ./Drivers/STM32F1xx_HAL_Driver/Src/stm32f1xx_hal_cortex.o
                0x080016e2                HAL_NVIC_EnableIRQ
 .text.HAL_SYSTICK_Config
                0x080016fe       0x18 ./Drivers/STM32F1xx_HAL_Driver/Src/stm32f1xx_hal_cortex.o
                0x080016fe                HAL_SYSTICK_Config
 .text.HAL_DMA_Abort
                0x08001716       0x76 ./Drivers/STM32F1xx_HAL_Driver/Src/stm32f1xx_hal_dma.o
                0x08001716                HAL_DMA_Abort
 .text.HAL_DMA_Abort_IT
                0x0800178c       0xf0 ./Drivers/STM32F1xx_HAL_Driver/Src/stm32f1xx_hal_dma.o
                0x0800178c                HAL_DMA_Abort_IT
 .text.HAL_GPIO_Init
                0x0800187c      0x308 ./Drivers/STM32F1xx_HAL_Driver/Src/stm32f1xx_hal_gpio.o
                0x0800187c                HAL_GPIO_Init
 .text.HAL_GPIO_WritePin
                0x08001b84       0x30 ./Drivers/STM32F1xx_HAL_Driver/Src/stm32f1xx_hal_gpio.o
                0x08001b84                HAL_GPIO_WritePin
 .text.HAL_GPIO_TogglePin
                0x08001bb4       0x32 ./Drivers/STM32F1xx_HAL_Driver/Src/stm32f1xx_hal_gpio.o
                0x08001bb4                HAL_GPIO_TogglePin
 *fill*         0x08001be6        0x2 
 .text.HAL_GPIO_EXTI_IRQHandler
                0x08001be8       0x30 ./Drivers/STM32F1xx_HAL_Driver/Src/stm32f1xx_hal_gpio.o
                0x08001be8                HAL_GPIO_EXTI_IRQHandler
 .text.HAL_I2C_Init
                0x08001c18      0x288 ./Drivers/STM32F1xx_HAL_Driver/Src/stm32f1xx_hal_i2c.o
                0x08001c18                HAL_I2C_Init
 .text.HAL_RCC_OscConfig
                0x08001ea0      0x504 ./Drivers/STM32F1xx_HAL_Driver/Src/stm32f1xx_hal_rcc.o
                0x08001ea0                HAL_RCC_OscConfig
 .text.HAL_RCC_ClockConfig
                0x080023a4      0x1d4 ./Drivers/STM32F1xx_HAL_Driver/Src/stm32f1xx_hal_rcc.o
                0x080023a4                HAL_RCC_ClockConfig
 .text.HAL_RCC_GetSysClockFreq
                0x08002578       0xa8 ./Drivers/STM32F1xx_HAL_Driver/Src/stm32f1xx_hal_rcc.o
                0x08002578                HAL_RCC_GetSysClockFreq
 .text.HAL_RCC_GetHCLKFreq
                0x08002620       0x14 ./Drivers/STM32F1xx_HAL_Driver/Src/stm32f1xx_hal_rcc.o
                0x08002620                HAL_RCC_GetHCLKFreq
 .text.HAL_RCC_GetPCLK1Freq
                0x08002634       0x28 ./Drivers/STM32F1xx_HAL_Driver/Src/stm32f1xx_hal_rcc.o
                0x08002634                HAL_RCC_GetPCLK1Freq
 .text.HAL_RCC_GetPCLK2Freq
                0x0800265c       0x28 ./Drivers/STM32F1xx_HAL_Driver/Src/stm32f1xx_hal_rcc.o
                0x0800265c                HAL_RCC_GetPCLK2Freq
 .text.RCC_Delay
                0x08002684       0x3c ./Drivers/STM32F1xx_HAL_Driver/Src/stm32f1xx_hal_rcc.o
 .text.HAL_SPI_Init
                0x080026c0      0x108 ./Drivers/STM32F1xx_HAL_Driver/Src/stm32f1xx_hal_spi.o
                0x080026c0                HAL_SPI_Init
 .text.HAL_SPI_Transmit
                0x080027c8      0x288 ./Drivers/STM32F1xx_HAL_Driver/Src/stm32f1xx_hal_spi.o
                0x080027c8                HAL_SPI_Transmit
 .text.HAL_SPI_Receive
                0x08002a50      0x232 ./Drivers/STM32F1xx_HAL_Driver/Src/stm32f1xx_hal_spi.o
                0x08002a50                HAL_SPI_Receive
 .text.HAL_SPI_TransmitReceive
                0x08002c82      0x352 ./Drivers/STM32F1xx_HAL_Driver/Src/stm32f1xx_hal_spi.o
                0x08002c82                HAL_SPI_TransmitReceive
 .text.SPI_WaitFlagStateUntilTimeout
                0x08002fd4      0x110 ./Drivers/STM32F1xx_HAL_Driver/Src/stm32f1xx_hal_spi.o
 .text.SPI_EndRxTransaction
                0x080030e4       0xa4 ./Drivers/STM32F1xx_HAL_Driver/Src/stm32f1xx_hal_spi.o
 .text.SPI_EndRxTxTransaction
                0x08003188       0x62 ./Drivers/STM32F1xx_HAL_Driver/Src/stm32f1xx_hal_spi.o
 .text.HAL_TIM_Base_Init
                0x080031ea       0x9e ./Drivers/STM32F1xx_HAL_Driver/Src/stm32f1xx_hal_tim.o
                0x080031ea                HAL_TIM_Base_Init
 .text.HAL_TIM_PWM_Init
                0x08003288       0x9e ./Drivers/STM32F1xx_HAL_Driver/Src/stm32f1xx_hal_tim.o
                0x08003288                HAL_TIM_PWM_Init
 .text.HAL_TIM_PWM_MspInit
                0x08003326       0x12 ./Drivers/STM32F1xx_HAL_Driver/Src/stm32f1xx_hal_tim.o
                0x08003326                HAL_TIM_PWM_MspInit
 .text.HAL_TIM_PWM_Start
                0x08003338      0x144 ./Drivers/STM32F1xx_HAL_Driver/Src/stm32f1xx_hal_tim.o
                0x08003338                HAL_TIM_PWM_Start
 .text.HAL_TIM_PWM_ConfigChannel
                0x0800347c      0x184 ./Drivers/STM32F1xx_HAL_Driver/Src/stm32f1xx_hal_tim.o
                0x0800347c                HAL_TIM_PWM_ConfigChannel
 .text.HAL_TIM_ConfigClockSource
                0x08003600      0x18e ./Drivers/STM32F1xx_HAL_Driver/Src/stm32f1xx_hal_tim.o
                0x08003600                HAL_TIM_ConfigClockSource
 *fill*         0x0800378e        0x2 
 .text.TIM_Base_SetConfig
                0x08003790       0xdc ./Drivers/STM32F1xx_HAL_Driver/Src/stm32f1xx_hal_tim.o
                0x08003790                TIM_Base_SetConfig
 .text.TIM_OC1_SetConfig
                0x0800386c       0xcc ./Drivers/STM32F1xx_HAL_Driver/Src/stm32f1xx_hal_tim.o
 .text.TIM_OC2_SetConfig
                0x08003938       0xd4 ./Drivers/STM32F1xx_HAL_Driver/Src/stm32f1xx_hal_tim.o
                0x08003938                TIM_OC2_SetConfig
 .text.TIM_OC3_SetConfig
                0x08003a0c       0xd4 ./Drivers/STM32F1xx_HAL_Driver/Src/stm32f1xx_hal_tim.o
 .text.TIM_OC4_SetConfig
                0x08003ae0       0x9c ./Drivers/STM32F1xx_HAL_Driver/Src/stm32f1xx_hal_tim.o
 .text.TIM_TI1_ConfigInputStage
                0x08003b7c       0x5c ./Drivers/STM32F1xx_HAL_Driver/Src/stm32f1xx_hal_tim.o
 .text.TIM_TI2_ConfigInputStage
                0x08003bd8       0x5e ./Drivers/STM32F1xx_HAL_Driver/Src/stm32f1xx_hal_tim.o
 .text.TIM_ITRx_SetConfig
                0x08003c36       0x34 ./Drivers/STM32F1xx_HAL_Driver/Src/stm32f1xx_hal_tim.o
 .text.TIM_ETR_SetConfig
                0x08003c6a       0x3e ./Drivers/STM32F1xx_HAL_Driver/Src/stm32f1xx_hal_tim.o
                0x08003c6a                TIM_ETR_SetConfig
 .text.TIM_CCxChannelCmd
                0x08003ca8       0x48 ./Drivers/STM32F1xx_HAL_Driver/Src/stm32f1xx_hal_tim.o
                0x08003ca8                TIM_CCxChannelCmd
 .text.HAL_TIMEx_MasterConfigSynchronization
                0x08003cf0       0xbc ./Drivers/STM32F1xx_HAL_Driver/Src/stm32f1xx_hal_tim_ex.o
                0x08003cf0                HAL_TIMEx_MasterConfigSynchronization
 .text.HAL_TIMEx_ConfigBreakDeadTime
                0x08003dac       0xa2 ./Drivers/STM32F1xx_HAL_Driver/Src/stm32f1xx_hal_tim_ex.o
                0x08003dac                HAL_TIMEx_ConfigBreakDeadTime
 .text.HAL_UART_Init
                0x08003e4e       0xa0 ./Drivers/STM32F1xx_HAL_Driver/Src/stm32f1xx_hal_uart.o
                0x08003e4e                HAL_UART_Init
 *fill*         0x08003eee        0x2 
 .text.HAL_UART_IRQHandler
                0x08003ef0      0x524 ./Drivers/STM32F1xx_HAL_Driver/Src/stm32f1xx_hal_uart.o
                0x08003ef0                HAL_UART_IRQHandler
 .text.HAL_UART_TxCpltCallback
                0x08004414       0x12 ./Drivers/STM32F1xx_HAL_Driver/Src/stm32f1xx_hal_uart.o
                0x08004414                HAL_UART_TxCpltCallback
 .text.HAL_UART_RxCpltCallback
                0x08004426       0x12 ./Drivers/STM32F1xx_HAL_Driver/Src/stm32f1xx_hal_uart.o
                0x08004426                HAL_UART_RxCpltCallback
 .text.HAL_UART_ErrorCallback
                0x08004438       0x12 ./Drivers/STM32F1xx_HAL_Driver/Src/stm32f1xx_hal_uart.o
                0x08004438                HAL_UART_ErrorCallback
 .text.HAL_UARTEx_RxEventCallback
                0x0800444a       0x16 ./Drivers/STM32F1xx_HAL_Driver/Src/stm32f1xx_hal_uart.o
                0x0800444a                HAL_UARTEx_RxEventCallback
 .text.UART_EndRxTransfer
                0x08004460       0xc4 ./Drivers/STM32F1xx_HAL_Driver/Src/stm32f1xx_hal_uart.o
 .text.UART_DMAAbortOnError
                0x08004524       0x28 ./Drivers/STM32F1xx_HAL_Driver/Src/stm32f1xx_hal_uart.o
 .text.UART_Transmit_IT
                0x0800454c       0x9e ./Drivers/STM32F1xx_HAL_Driver/Src/stm32f1xx_hal_uart.o
 .text.UART_EndTransmit_IT
                0x080045ea       0x30 ./Drivers/STM32F1xx_HAL_Driver/Src/stm32f1xx_hal_uart.o
 .text.UART_Receive_IT
                0x0800461a      0x17c ./Drivers/STM32F1xx_HAL_Driver/Src/stm32f1xx_hal_uart.o
 *fill*         0x08004796        0x2 
 .text.UART_SetConfig
                0x08004798      0x11c ./Drivers/STM32F1xx_HAL_Driver/Src/stm32f1xx_hal_uart.o
 .text.memset   0x080048b4       0x10 C:/ST/STM32CubeIDE_1.17.0/STM32CubeIDE/plugins/com.st.stm32cube.ide.mcu.externaltools.gnu-tools-for-stm32.13.3.rel1.win32_1.0.0.202411081344/tools/bin/../lib/gcc/arm-none-eabi/13.3.1/../../../../arm-none-eabi/lib/thumb/v7-m/nofp\libc_nano.a(libc_a-memset.o)
                0x080048b4                memset
 .text.__libc_init_array
                0x080048c4       0x48 C:/ST/STM32CubeIDE_1.17.0/STM32CubeIDE/plugins/com.st.stm32cube.ide.mcu.externaltools.gnu-tools-for-stm32.13.3.rel1.win32_1.0.0.202411081344/tools/bin/../lib/gcc/arm-none-eabi/13.3.1/../../../../arm-none-eabi/lib/thumb/v7-m/nofp\libc_nano.a(libc_a-init.o)
                0x080048c4                __libc_init_array
 *(.glue_7)
 .glue_7        0x0800490c        0x0 linker stubs
 *(.glue_7t)
 .glue_7t       0x0800490c        0x0 linker stubs
 *(.eh_frame)
 .eh_frame      0x0800490c        0x0 C:/ST/STM32CubeIDE_1.17.0/STM32CubeIDE/plugins/com.st.stm32cube.ide.mcu.externaltools.gnu-tools-for-stm32.13.3.rel1.win32_1.0.0.202411081344/tools/bin/../lib/gcc/arm-none-eabi/13.3.1/thumb/v7-m/nofp/crtbegin.o
 *(.init)
 .init          0x0800490c        0x4 C:/ST/STM32CubeIDE_1.17.0/STM32CubeIDE/plugins/com.st.stm32cube.ide.mcu.externaltools.gnu-tools-for-stm32.13.3.rel1.win32_1.0.0.202411081344/tools/bin/../lib/gcc/arm-none-eabi/13.3.1/thumb/v7-m/nofp/crti.o
                0x0800490c                _init
 .init          0x08004910        0x8 C:/ST/STM32CubeIDE_1.17.0/STM32CubeIDE/plugins/com.st.stm32cube.ide.mcu.externaltools.gnu-tools-for-stm32.13.3.rel1.win32_1.0.0.202411081344/tools/bin/../lib/gcc/arm-none-eabi/13.3.1/thumb/v7-m/nofp/crtn.o
 *(.fini)
 .fini          0x08004918        0x4 C:/ST/STM32CubeIDE_1.17.0/STM32CubeIDE/plugins/com.st.stm32cube.ide.mcu.externaltools.gnu-tools-for-stm32.13.3.rel1.win32_1.0.0.202411081344/tools/bin/../lib/gcc/arm-none-eabi/13.3.1/thumb/v7-m/nofp/crti.o
                0x08004918                _fini
 .fini          0x0800491c        0x8 C:/ST/STM32CubeIDE_1.17.0/STM32CubeIDE/plugins/com.st.stm32cube.ide.mcu.externaltools.gnu-tools-for-stm32.13.3.rel1.win32_1.0.0.202411081344/tools/bin/../lib/gcc/arm-none-eabi/13.3.1/thumb/v7-m/nofp/crtn.o
                0x08004924                        . = ALIGN (0x4)
                0x08004924                        _etext = .

.vfp11_veneer   0x08004924        0x0
 .vfp11_veneer  0x08004924        0x0 linker stubs

.v4_bx          0x08004924        0x0
 .v4_bx         0x08004924        0x0 linker stubs

.iplt           0x08004924        0x0
 .iplt          0x08004924        0x0 C:/ST/STM32CubeIDE_1.17.0/STM32CubeIDE/plugins/com.st.stm32cube.ide.mcu.externaltools.gnu-tools-for-stm32.13.3.rel1.win32_1.0.0.202411081344/tools/bin/../lib/gcc/arm-none-eabi/13.3.1/thumb/v7-m/nofp/crtbegin.o

.rodata         0x08004924       0x2c
                0x08004924                        . = ALIGN (0x4)
 *(.rodata)
 *(.rodata*)
 .rodata.AHBPrescTable
                0x08004924       0x10 ./Core/Src/system_stm32f1xx.o
                0x08004924                AHBPrescTable
 .rodata.APBPrescTable
                0x08004934        0x8 ./Core/Src/system_stm32f1xx.o
                0x08004934                APBPrescTable
 .rodata.aPLLMULFactorTable.1
                0x0800493c       0x10 ./Drivers/STM32F1xx_HAL_Driver/Src/stm32f1xx_hal_rcc.o
 .rodata.aPredivFactorTable.0
                0x0800494c        0x2 ./Drivers/STM32F1xx_HAL_Driver/Src/stm32f1xx_hal_rcc.o
                0x08004950                        . = ALIGN (0x4)
 *fill*         0x0800494e        0x2 

.ARM.extab      0x08004950        0x0
                0x08004950                        . = ALIGN (0x4)
 *(.ARM.extab* .gnu.linkonce.armextab.*)
                0x08004950                        . = ALIGN (0x4)

.ARM            0x08004950        0x0
                0x08004950                        . = ALIGN (0x4)
                0x08004950                        __exidx_start = .
 *(.ARM.exidx*)
                0x08004950                        __exidx_end = .
                0x08004950                        . = ALIGN (0x4)

.preinit_array  0x08004950        0x0
                0x08004950                        . = ALIGN (0x4)
                0x08004950                        PROVIDE (__preinit_array_start = .)
 *(.preinit_array*)
                0x08004950                        PROVIDE (__preinit_array_end = .)
                0x08004950                        . = ALIGN (0x4)

.init_array     0x08004950        0x4
                0x08004950                        . = ALIGN (0x4)
                0x08004950                        PROVIDE (__init_array_start = .)
 *(SORT_BY_NAME(.init_array.*))
 *(.init_array*)
 .init_array    0x08004950        0x4 C:/ST/STM32CubeIDE_1.17.0/STM32CubeIDE/plugins/com.st.stm32cube.ide.mcu.externaltools.gnu-tools-for-stm32.13.3.rel1.win32_1.0.0.202411081344/tools/bin/../lib/gcc/arm-none-eabi/13.3.1/thumb/v7-m/nofp/crtbegin.o
                0x08004954                        PROVIDE (__init_array_end = .)
                0x08004954                        . = ALIGN (0x4)

.fini_array     0x08004954        0x4
                0x08004954                        . = ALIGN (0x4)
                [!provide]                        PROVIDE (__fini_array_start = .)
 *(SORT_BY_NAME(.fini_array.*))
 *(.fini_array*)
 .fini_array    0x08004954        0x4 C:/ST/STM32CubeIDE_1.17.0/STM32CubeIDE/plugins/com.st.stm32cube.ide.mcu.externaltools.gnu-tools-for-stm32.13.3.rel1.win32_1.0.0.202411081344/tools/bin/../lib/gcc/arm-none-eabi/13.3.1/thumb/v7-m/nofp/crtbegin.o
                [!provide]                        PROVIDE (__fini_array_end = .)
                0x08004958                        . = ALIGN (0x4)
                0x08004958                        _sidata = LOADADDR (.data)

.rel.dyn        0x08004958        0x0
 .rel.iplt      0x08004958        0x0 C:/ST/STM32CubeIDE_1.17.0/STM32CubeIDE/plugins/com.st.stm32cube.ide.mcu.externaltools.gnu-tools-for-stm32.13.3.rel1.win32_1.0.0.202411081344/tools/bin/../lib/gcc/arm-none-eabi/13.3.1/thumb/v7-m/nofp/crtbegin.o

.data           0x20000000       0x18 load address 0x08004958
                0x20000000                        . = ALIGN (0x4)
                0x20000000                        _sdata = .
 *(.data)
 *(.data*)
 .data.rxx_data
                0x20000000        0x9 ./Core/Src/main.o
                0x20000000                rxx_data
 *fill*         0x20000009        0x3 
 .data.SystemCoreClock
                0x2000000c        0x4 ./Core/Src/system_stm32f1xx.o
                0x2000000c                SystemCoreClock
 .data.uwTickPrio
                0x20000010        0x4 ./Drivers/STM32F1xx_HAL_Driver/Src/stm32f1xx_hal.o
                0x20000010                uwTickPrio
 .data.uwTickFreq
                0x20000014        0x1 ./Drivers/STM32F1xx_HAL_Driver/Src/stm32f1xx_hal.o
                0x20000014                uwTickFreq
 *(.RamFunc)
 *(.RamFunc*)
                0x20000018                        . = ALIGN (0x4)
 *fill*         0x20000015        0x3 
                0x20000018                        _edata = .

.igot.plt       0x20000018        0x0 load address 0x08004970
 .igot.plt      0x20000018        0x0 C:/ST/STM32CubeIDE_1.17.0/STM32CubeIDE/plugins/com.st.stm32cube.ide.mcu.externaltools.gnu-tools-for-stm32.13.3.rel1.win32_1.0.0.202411081344/tools/bin/../lib/gcc/arm-none-eabi/13.3.1/thumb/v7-m/nofp/crtbegin.o
                0x20000018                        . = ALIGN (0x4)

.bss            0x20000018      0x160 load address 0x08004970
                0x20000018                        _sbss = .
                0x20000018                        __bss_start__ = _sbss
 *(.bss)
 .bss           0x20000018       0x1c C:/ST/STM32CubeIDE_1.17.0/STM32CubeIDE/plugins/com.st.stm32cube.ide.mcu.externaltools.gnu-tools-for-stm32.13.3.rel1.win32_1.0.0.202411081344/tools/bin/../lib/gcc/arm-none-eabi/13.3.1/thumb/v7-m/nofp/crtbegin.o
 *(.bss*)
 .bss.hi2c1     0x20000034       0x54 ./Core/Src/i2c.o
                0x20000034                hi2c1
 .bss.rx_flag   0x20000088        0x1 ./Core/Src/main.o
                0x20000088                rx_flag
 *fill*         0x20000089        0x3 
 .bss.hspi1     0x2000008c       0x58 ./Core/Src/spi.o
                0x2000008c                hspi1
 .bss.htim1     0x200000e4       0x48 ./Core/Src/tim.o
                0x200000e4                htim1
 .bss.huart3    0x2000012c       0x48 ./Core/Src/usart.o
                0x2000012c                huart3
 .bss.uwTick    0x20000174        0x4 ./Drivers/STM32F1xx_HAL_Driver/Src/stm32f1xx_hal.o
                0x20000174                uwTick
 *(COMMON)
                0x20000178                        . = ALIGN (0x4)
                0x20000178                        _ebss = .
                0x20000178                        __bss_end__ = _ebss

._user_heap_stack
                0x20000178      0x600 load address 0x08004970
                0x20000178                        . = ALIGN (0x8)
                [!provide]                        PROVIDE (end = .)
                0x20000178                        PROVIDE (_end = .)
                0x20000378                        . = (. + _Min_Heap_Size)
 *fill*         0x20000178      0x200 
                0x20000778                        . = (. + _Min_Stack_Size)
 *fill*         0x20000378      0x400 
                0x20000778                        . = ALIGN (0x8)

/DISCARD/
 libc.a(*)
 libm.a(*)
 libgcc.a(*)

.ARM.attributes
                0x00000000       0x29
 *(.ARM.attributes)
 .ARM.attributes
                0x00000000       0x1d C:/ST/STM32CubeIDE_1.17.0/STM32CubeIDE/plugins/com.st.stm32cube.ide.mcu.externaltools.gnu-tools-for-stm32.13.3.rel1.win32_1.0.0.202411081344/tools/bin/../lib/gcc/arm-none-eabi/13.3.1/thumb/v7-m/nofp/crti.o
 .ARM.attributes
                0x0000001d       0x2d C:/ST/STM32CubeIDE_1.17.0/STM32CubeIDE/plugins/com.st.stm32cube.ide.mcu.externaltools.gnu-tools-for-stm32.13.3.rel1.win32_1.0.0.202411081344/tools/bin/../lib/gcc/arm-none-eabi/13.3.1/thumb/v7-m/nofp/crtbegin.o
 .ARM.attributes
                0x0000004a       0x2d ./Core/Src/gpio.o
 .ARM.attributes
                0x00000077       0x2d ./Core/Src/i2c.o
 .ARM.attributes
                0x000000a4       0x2d ./Core/Src/main.o
 .ARM.attributes
                0x000000d1       0x2d ./Core/Src/nrf24l01p.o
 .ARM.attributes
                0x000000fe       0x2d ./Core/Src/spi.o
 .ARM.attributes
                0x0000012b       0x2d ./Core/Src/stm32f1xx_hal_msp.o
 .ARM.attributes
                0x00000158       0x2d ./Core/Src/stm32f1xx_it.o
 .ARM.attributes
                0x00000185       0x2d ./Core/Src/system_stm32f1xx.o
 .ARM.attributes
                0x000001b2       0x2d ./Core/Src/tim.o
 .ARM.attributes
                0x000001df       0x2d ./Core/Src/usart.o
 .ARM.attributes
                0x0000020c       0x21 ./Core/Startup/startup_stm32f103c8tx.o
 .ARM.attributes
                0x0000022d       0x2d ./Drivers/STM32F1xx_HAL_Driver/Src/stm32f1xx_hal.o
 .ARM.attributes
                0x0000025a       0x2d ./Drivers/STM32F1xx_HAL_Driver/Src/stm32f1xx_hal_cortex.o
 .ARM.attributes
                0x00000287       0x2d ./Drivers/STM32F1xx_HAL_Driver/Src/stm32f1xx_hal_dma.o
 .ARM.attributes
                0x000002b4       0x2d ./Drivers/STM32F1xx_HAL_Driver/Src/stm32f1xx_hal_gpio.o
 .ARM.attributes
                0x000002e1       0x2d ./Drivers/STM32F1xx_HAL_Driver/Src/stm32f1xx_hal_i2c.o
 .ARM.attributes
                0x0000030e       0x2d ./Drivers/STM32F1xx_HAL_Driver/Src/stm32f1xx_hal_rcc.o
 .ARM.attributes
                0x0000033b       0x2d ./Drivers/STM32F1xx_HAL_Driver/Src/stm32f1xx_hal_spi.o
 .ARM.attributes
                0x00000368       0x2d ./Drivers/STM32F1xx_HAL_Driver/Src/stm32f1xx_hal_tim.o
 .ARM.attributes
                0x00000395       0x2d ./Drivers/STM32F1xx_HAL_Driver/Src/stm32f1xx_hal_tim_ex.o
 .ARM.attributes
                0x000003c2       0x2d ./Drivers/STM32F1xx_HAL_Driver/Src/stm32f1xx_hal_uart.o
 .ARM.attributes
                0x000003ef       0x2d C:/ST/STM32CubeIDE_1.17.0/STM32CubeIDE/plugins/com.st.stm32cube.ide.mcu.externaltools.gnu-tools-for-stm32.13.3.rel1.win32_1.0.0.202411081344/tools/bin/../lib/gcc/arm-none-eabi/13.3.1/../../../../arm-none-eabi/lib/thumb/v7-m/nofp\libc_nano.a(libc_a-memset.o)
 .ARM.attributes
                0x0000041c       0x2d C:/ST/STM32CubeIDE_1.17.0/STM32CubeIDE/plugins/com.st.stm32cube.ide.mcu.externaltools.gnu-tools-for-stm32.13.3.rel1.win32_1.0.0.202411081344/tools/bin/../lib/gcc/arm-none-eabi/13.3.1/../../../../arm-none-eabi/lib/thumb/v7-m/nofp\libc_nano.a(libc_a-init.o)
 .ARM.attributes
                0x00000449       0x1d C:/ST/STM32CubeIDE_1.17.0/STM32CubeIDE/plugins/com.st.stm32cube.ide.mcu.externaltools.gnu-tools-for-stm32.13.3.rel1.win32_1.0.0.202411081344/tools/bin/../lib/gcc/arm-none-eabi/13.3.1/thumb/v7-m/nofp/crtn.o
OUTPUT(rc_car_mecanumwheel.elf elf32-littlearm)
LOAD linker stubs
LOAD C:/ST/STM32CubeIDE_1.17.0/STM32CubeIDE/plugins/com.st.stm32cube.ide.mcu.externaltools.gnu-tools-for-stm32.13.3.rel1.win32_1.0.0.202411081344/tools/bin/../lib/gcc/arm-none-eabi/13.3.1/../../../../arm-none-eabi/lib/thumb/v7-m/nofp\libc.a
LOAD C:/ST/STM32CubeIDE_1.17.0/STM32CubeIDE/plugins/com.st.stm32cube.ide.mcu.externaltools.gnu-tools-for-stm32.13.3.rel1.win32_1.0.0.202411081344/tools/bin/../lib/gcc/arm-none-eabi/13.3.1/../../../../arm-none-eabi/lib/thumb/v7-m/nofp\libm.a
LOAD C:/ST/STM32CubeIDE_1.17.0/STM32CubeIDE/plugins/com.st.stm32cube.ide.mcu.externaltools.gnu-tools-for-stm32.13.3.rel1.win32_1.0.0.202411081344/tools/bin/../lib/gcc/arm-none-eabi/13.3.1/thumb/v7-m/nofp\libgcc.a

.debug_info     0x00000000    0x119cb
 .debug_info    0x00000000      0x2b7 ./Core/Src/gpio.o
 .debug_info    0x000002b7      0x7e3 ./Core/Src/i2c.o
 .debug_info    0x00000a9a     0x1041 ./Core/Src/main.o
 .debug_info    0x00001adb      0xcd2 ./Core/Src/nrf24l01p.o
 .debug_info    0x000027ad      0x7bc ./Core/Src/spi.o
 .debug_info    0x00002f69      0x1f1 ./Core/Src/stm32f1xx_hal_msp.o
 .debug_info    0x0000315a      0x60d ./Core/Src/stm32f1xx_it.o
 .debug_info    0x00003767      0x222 ./Core/Src/system_stm32f1xx.o
 .debug_info    0x00003989      0xad9 ./Core/Src/tim.o
 .debug_info    0x00004462      0x92a ./Core/Src/usart.o
 .debug_info    0x00004d8c       0x30 ./Core/Startup/startup_stm32f103c8tx.o
 .debug_info    0x00004dbc      0x704 ./Drivers/STM32F1xx_HAL_Driver/Src/stm32f1xx_hal.o
 .debug_info    0x000054c0      0xa87 ./Drivers/STM32F1xx_HAL_Driver/Src/stm32f1xx_hal_cortex.o
 .debug_info    0x00005f47      0x6d2 ./Drivers/STM32F1xx_HAL_Driver/Src/stm32f1xx_hal_dma.o
 .debug_info    0x00006619      0x5ab ./Drivers/STM32F1xx_HAL_Driver/Src/stm32f1xx_hal_gpio.o
 .debug_info    0x00006bc4     0x2524 ./Drivers/STM32F1xx_HAL_Driver/Src/stm32f1xx_hal_i2c.o
 .debug_info    0x000090e8      0x7d5 ./Drivers/STM32F1xx_HAL_Driver/Src/stm32f1xx_hal_rcc.o
 .debug_info    0x000098bd     0x142d ./Drivers/STM32F1xx_HAL_Driver/Src/stm32f1xx_hal_spi.o
 .debug_info    0x0000acea     0x2959 ./Drivers/STM32F1xx_HAL_Driver/Src/stm32f1xx_hal_tim.o
 .debug_info    0x0000d643     0x149b ./Drivers/STM32F1xx_HAL_Driver/Src/stm32f1xx_hal_tim_ex.o
 .debug_info    0x0000eade     0x2eed ./Drivers/STM32F1xx_HAL_Driver/Src/stm32f1xx_hal_uart.o

.debug_abbrev   0x00000000     0x2bb1
 .debug_abbrev  0x00000000      0x13f ./Core/Src/gpio.o
 .debug_abbrev  0x0000013f      0x1de ./Core/Src/i2c.o
 .debug_abbrev  0x0000031d      0x342 ./Core/Src/main.o
 .debug_abbrev  0x0000065f      0x2dc ./Core/Src/nrf24l01p.o
 .debug_abbrev  0x0000093b      0x1e7 ./Core/Src/spi.o
 .debug_abbrev  0x00000b22       0xdb ./Core/Src/stm32f1xx_hal_msp.o
 .debug_abbrev  0x00000bfd      0x18b ./Core/Src/stm32f1xx_it.o
 .debug_abbrev  0x00000d88      0x13f ./Core/Src/system_stm32f1xx.o
 .debug_abbrev  0x00000ec7      0x232 ./Core/Src/tim.o
 .debug_abbrev  0x000010f9      0x205 ./Core/Src/usart.o
 .debug_abbrev  0x000012fe       0x24 ./Core/Startup/startup_stm32f103c8tx.o
 .debug_abbrev  0x00001322      0x201 ./Drivers/STM32F1xx_HAL_Driver/Src/stm32f1xx_hal.o
 .debug_abbrev  0x00001523      0x2f8 ./Drivers/STM32F1xx_HAL_Driver/Src/stm32f1xx_hal_cortex.o
 .debug_abbrev  0x0000181b      0x20b ./Drivers/STM32F1xx_HAL_Driver/Src/stm32f1xx_hal_dma.o
 .debug_abbrev  0x00001a26      0x1ca ./Drivers/STM32F1xx_HAL_Driver/Src/stm32f1xx_hal_gpio.o
 .debug_abbrev  0x00001bf0      0x2a3 ./Drivers/STM32F1xx_HAL_Driver/Src/stm32f1xx_hal_i2c.o
 .debug_abbrev  0x00001e93      0x2b3 ./Drivers/STM32F1xx_HAL_Driver/Src/stm32f1xx_hal_rcc.o
 .debug_abbrev  0x00002146      0x27a ./Drivers/STM32F1xx_HAL_Driver/Src/stm32f1xx_hal_spi.o
 .debug_abbrev  0x000023c0      0x277 ./Drivers/STM32F1xx_HAL_Driver/Src/stm32f1xx_hal_tim.o
 .debug_abbrev  0x00002637      0x282 ./Drivers/STM32F1xx_HAL_Driver/Src/stm32f1xx_hal_tim_ex.o
 .debug_abbrev  0x000028b9      0x2f8 ./Drivers/STM32F1xx_HAL_Driver/Src/stm32f1xx_hal_uart.o

.debug_aranges  0x00000000     0x12d0
 .debug_aranges
                0x00000000       0x20 ./Core/Src/gpio.o
 .debug_aranges
                0x00000020       0x30 ./Core/Src/i2c.o
 .debug_aranges
                0x00000050       0xe8 ./Core/Src/main.o
 .debug_aranges
                0x00000138      0x120 ./Core/Src/nrf24l01p.o
 .debug_aranges
                0x00000258       0x30 ./Core/Src/spi.o
 .debug_aranges
                0x00000288       0x20 ./Core/Src/stm32f1xx_hal_msp.o
 .debug_aranges
                0x000002a8       0x70 ./Core/Src/stm32f1xx_it.o
 .debug_aranges
                0x00000318       0x28 ./Core/Src/system_stm32f1xx.o
 .debug_aranges
                0x00000340       0x38 ./Core/Src/tim.o
 .debug_aranges
                0x00000378       0x30 ./Core/Src/usart.o
 .debug_aranges
                0x000003a8       0x28 ./Core/Startup/startup_stm32f103c8tx.o
 .debug_aranges
                0x000003d0       0xe0 ./Drivers/STM32F1xx_HAL_Driver/Src/stm32f1xx_hal.o
 .debug_aranges
                0x000004b0      0x100 ./Drivers/STM32F1xx_HAL_Driver/Src/stm32f1xx_hal_cortex.o
 .debug_aranges
                0x000005b0       0x80 ./Drivers/STM32F1xx_HAL_Driver/Src/stm32f1xx_hal_dma.o
 .debug_aranges
                0x00000630       0x58 ./Drivers/STM32F1xx_HAL_Driver/Src/stm32f1xx_hal_gpio.o
 .debug_aranges
                0x00000688      0x2a8 ./Drivers/STM32F1xx_HAL_Driver/Src/stm32f1xx_hal_i2c.o
 .debug_aranges
                0x00000930       0x90 ./Drivers/STM32F1xx_HAL_Driver/Src/stm32f1xx_hal_rcc.o
 .debug_aranges
                0x000009c0      0x1d0 ./Drivers/STM32F1xx_HAL_Driver/Src/stm32f1xx_hal_spi.o
 .debug_aranges
                0x00000b90      0x3d0 ./Drivers/STM32F1xx_HAL_Driver/Src/stm32f1xx_hal_tim.o
 .debug_aranges
                0x00000f60      0x168 ./Drivers/STM32F1xx_HAL_Driver/Src/stm32f1xx_hal_tim_ex.o
 .debug_aranges
                0x000010c8      0x208 ./Drivers/STM32F1xx_HAL_Driver/Src/stm32f1xx_hal_uart.o

.debug_rnglists
                0x00000000      0xec0
 .debug_rnglists
                0x00000000       0x14 ./Core/Src/gpio.o
 .debug_rnglists
                0x00000014       0x1f ./Core/Src/i2c.o
 .debug_rnglists
                0x00000033       0xac ./Core/Src/main.o
 .debug_rnglists
                0x000000df       0xd4 ./Core/Src/nrf24l01p.o
 .debug_rnglists
                0x000001b3       0x20 ./Core/Src/spi.o
 .debug_rnglists
                0x000001d3       0x13 ./Core/Src/stm32f1xx_hal_msp.o
 .debug_rnglists
                0x000001e6       0x4f ./Core/Src/stm32f1xx_it.o
 .debug_rnglists
                0x00000235       0x1a ./Core/Src/system_stm32f1xx.o
 .debug_rnglists
                0x0000024f       0x26 ./Core/Src/tim.o
 .debug_rnglists
                0x00000275       0x20 ./Core/Src/usart.o
 .debug_rnglists
                0x00000295       0x19 ./Core/Startup/startup_stm32f103c8tx.o
 .debug_rnglists
                0x000002ae       0xa3 ./Drivers/STM32F1xx_HAL_Driver/Src/stm32f1xx_hal.o
 .debug_rnglists
                0x00000351       0xbb ./Drivers/STM32F1xx_HAL_Driver/Src/stm32f1xx_hal_cortex.o
 .debug_rnglists
                0x0000040c       0x64 ./Drivers/STM32F1xx_HAL_Driver/Src/stm32f1xx_hal_dma.o
 .debug_rnglists
                0x00000470       0x3f ./Drivers/STM32F1xx_HAL_Driver/Src/stm32f1xx_hal_gpio.o
 .debug_rnglists
                0x000004af      0x23c ./Drivers/STM32F1xx_HAL_Driver/Src/stm32f1xx_hal_i2c.o
 .debug_rnglists
                0x000006eb       0x6c ./Drivers/STM32F1xx_HAL_Driver/Src/stm32f1xx_hal_rcc.o
 .debug_rnglists
                0x00000757      0x16e ./Drivers/STM32F1xx_HAL_Driver/Src/stm32f1xx_hal_spi.o
 .debug_rnglists
                0x000008c5      0x31a ./Drivers/STM32F1xx_HAL_Driver/Src/stm32f1xx_hal_tim.o
 .debug_rnglists
                0x00000bdf      0x125 ./Drivers/STM32F1xx_HAL_Driver/Src/stm32f1xx_hal_tim_ex.o
 .debug_rnglists
                0x00000d04      0x1bc ./Drivers/STM32F1xx_HAL_Driver/Src/stm32f1xx_hal_uart.o

.debug_macro    0x00000000    0x18d37
 .debug_macro   0x00000000      0x1d0 ./Core/Src/gpio.o
 .debug_macro   0x000001d0      0xacc ./Core/Src/gpio.o
 .debug_macro   0x00000c9c      0x227 ./Core/Src/gpio.o
 .debug_macro   0x00000ec3       0x2e ./Core/Src/gpio.o
 .debug_macro   0x00000ef1       0x22 ./Core/Src/gpio.o
 .debug_macro   0x00000f13       0x22 ./Core/Src/gpio.o
 .debug_macro   0x00000f35       0x8e ./Core/Src/gpio.o
 .debug_macro   0x00000fc3       0x51 ./Core/Src/gpio.o
 .debug_macro   0x00001014      0x103 ./Core/Src/gpio.o
 .debug_macro   0x00001117       0x6a ./Core/Src/gpio.o
 .debug_macro   0x00001181      0x1df ./Core/Src/gpio.o
 .debug_macro   0x00001360       0x1c ./Core/Src/gpio.o
 .debug_macro   0x0000137c       0x22 ./Core/Src/gpio.o
 .debug_macro   0x0000139e       0xbd ./Core/Src/gpio.o
 .debug_macro   0x0000145b      0xd23 ./Core/Src/gpio.o
 .debug_macro   0x0000217e     0xe09e ./Core/Src/gpio.o
 .debug_macro   0x0001021c       0x6d ./Core/Src/gpio.o
 .debug_macro   0x00010289     0x34a2 ./Core/Src/gpio.o
 .debug_macro   0x0001372b      0x190 ./Core/Src/gpio.o
 .debug_macro   0x000138bb       0x5c ./Core/Src/gpio.o
 .debug_macro   0x00013917      0x5bc ./Core/Src/gpio.o
 .debug_macro   0x00013ed3      0x289 ./Core/Src/gpio.o
 .debug_macro   0x0001415c      0x1cb ./Core/Src/gpio.o
 .debug_macro   0x00014327      0x114 ./Core/Src/gpio.o
 .debug_macro   0x0001443b      0x1b2 ./Core/Src/gpio.o
 .debug_macro   0x000145ed       0x27 ./Core/Src/gpio.o
 .debug_macro   0x00014614      0x136 ./Core/Src/gpio.o
 .debug_macro   0x0001474a      0x1bc ./Core/Src/gpio.o
 .debug_macro   0x00014906       0x34 ./Core/Src/gpio.o
 .debug_macro   0x0001493a       0x3c ./Core/Src/gpio.o
 .debug_macro   0x00014976       0x57 ./Core/Src/gpio.o
 .debug_macro   0x000149cd       0x87 ./Core/Src/gpio.o
 .debug_macro   0x00014a54      0x240 ./Core/Src/gpio.o
 .debug_macro   0x00014c94      0x287 ./Core/Src/gpio.o
 .debug_macro   0x00014f1b      0x140 ./Core/Src/gpio.o
 .debug_macro   0x0001505b      0x217 ./Core/Src/gpio.o
 .debug_macro   0x00015272      0x8ed ./Core/Src/gpio.o
 .debug_macro   0x00015b5f      0x28e ./Core/Src/gpio.o
 .debug_macro   0x00015ded       0x83 ./Core/Src/gpio.o
 .debug_macro   0x00015e70       0x8e ./Core/Src/gpio.o
 .debug_macro   0x00015efe      0x1d0 ./Core/Src/i2c.o
 .debug_macro   0x000160ce      0x2f6 ./Core/Src/main.o
 .debug_macro   0x000163c4       0x22 ./Core/Src/main.o
 .debug_macro   0x000163e6      0x122 ./Core/Src/main.o
 .debug_macro   0x00016508       0x61 ./Core/Src/main.o
 .debug_macro   0x00016569       0x24 ./Core/Src/main.o
 .debug_macro   0x0001658d       0x43 ./Core/Src/main.o
 .debug_macro   0x000165d0       0x34 ./Core/Src/main.o
 .debug_macro   0x00016604       0x16 ./Core/Src/main.o
 .debug_macro   0x0001661a       0x3c ./Core/Src/main.o
 .debug_macro   0x00016656      0x370 ./Core/Src/main.o
 .debug_macro   0x000169c6       0x10 ./Core/Src/main.o
 .debug_macro   0x000169d6       0x16 ./Core/Src/main.o
 .debug_macro   0x000169ec       0x4a ./Core/Src/main.o
 .debug_macro   0x00016a36       0x34 ./Core/Src/main.o
 .debug_macro   0x00016a6a       0x10 ./Core/Src/main.o
 .debug_macro   0x00016a7a       0x58 ./Core/Src/main.o
 .debug_macro   0x00016ad2       0x8e ./Core/Src/main.o
 .debug_macro   0x00016b60       0x1c ./Core/Src/main.o
 .debug_macro   0x00016b7c      0x185 ./Core/Src/main.o
 .debug_macro   0x00016d01       0x16 ./Core/Src/main.o
 .debug_macro   0x00016d17       0x16 ./Core/Src/main.o
 .debug_macro   0x00016d2d      0x146 ./Core/Src/main.o
 .debug_macro   0x00016e73      0x1e8 ./Core/Src/nrf24l01p.o
 .debug_macro   0x0001705b      0x1d0 ./Core/Src/spi.o
 .debug_macro   0x0001722b      0x1c6 ./Core/Src/stm32f1xx_hal_msp.o
 .debug_macro   0x000173f1      0x1d0 ./Core/Src/stm32f1xx_it.o
 .debug_macro   0x000175c1      0x1b7 ./Core/Src/system_stm32f1xx.o
 .debug_macro   0x00017778      0x1d0 ./Core/Src/tim.o
 .debug_macro   0x00017948      0x1d0 ./Core/Src/usart.o
 .debug_macro   0x00017b18      0x1db ./Drivers/STM32F1xx_HAL_Driver/Src/stm32f1xx_hal.o
 .debug_macro   0x00017cf3      0x1b7 ./Drivers/STM32F1xx_HAL_Driver/Src/stm32f1xx_hal_cortex.o
 .debug_macro   0x00017eaa      0x1b7 ./Drivers/STM32F1xx_HAL_Driver/Src/stm32f1xx_hal_dma.o
 .debug_macro   0x00018061      0x222 ./Drivers/STM32F1xx_HAL_Driver/Src/stm32f1xx_hal_gpio.o
 .debug_macro   0x00018283      0x205 ./Drivers/STM32F1xx_HAL_Driver/Src/stm32f1xx_hal_i2c.o
 .debug_macro   0x00018488      0x1c9 ./Drivers/STM32F1xx_HAL_Driver/Src/stm32f1xx_hal_rcc.o
 .debug_macro   0x00018651      0x1bf ./Drivers/STM32F1xx_HAL_Driver/Src/stm32f1xx_hal_spi.o
 .debug_macro   0x00018810      0x1b8 ./Drivers/STM32F1xx_HAL_Driver/Src/stm32f1xx_hal_tim.o
 .debug_macro   0x000189c8      0x1b7 ./Drivers/STM32F1xx_HAL_Driver/Src/stm32f1xx_hal_tim_ex.o
 .debug_macro   0x00018b7f      0x1b8 ./Drivers/STM32F1xx_HAL_Driver/Src/stm32f1xx_hal_uart.o

.debug_line     0x00000000    0x15d46
 .debug_line    0x00000000      0x752 ./Core/Src/gpio.o
 .debug_line    0x00000752      0x794 ./Core/Src/i2c.o
 .debug_line    0x00000ee6      0xd72 ./Core/Src/main.o
 .debug_line    0x00001c58      0xb34 ./Core/Src/nrf24l01p.o
 .debug_line    0x0000278c      0x7a6 ./Core/Src/spi.o
 .debug_line    0x00002f32      0x72b ./Core/Src/stm32f1xx_hal_msp.o
 .debug_line    0x0000365d      0x809 ./Core/Src/stm32f1xx_it.o
 .debug_line    0x00003e66      0x7a9 ./Core/Src/system_stm32f1xx.o
 .debug_line    0x0000460f      0x84e ./Core/Src/tim.o
 .debug_line    0x00004e5d      0x7a1 ./Core/Src/usart.o
 .debug_line    0x000055fe       0x78 ./Core/Startup/startup_stm32f103c8tx.o
 .debug_line    0x00005676      0x9da ./Drivers/STM32F1xx_HAL_Driver/Src/stm32f1xx_hal.o
 .debug_line    0x00006050      0xba4 ./Drivers/STM32F1xx_HAL_Driver/Src/stm32f1xx_hal_cortex.o
 .debug_line    0x00006bf4      0xde4 ./Drivers/STM32F1xx_HAL_Driver/Src/stm32f1xx_hal_dma.o
 .debug_line    0x000079d8      0xa37 ./Drivers/STM32F1xx_HAL_Driver/Src/stm32f1xx_hal_gpio.o
 .debug_line    0x0000840f     0x3bd7 ./Drivers/STM32F1xx_HAL_Driver/Src/stm32f1xx_hal_i2c.o
 .debug_line    0x0000bfe6      0xe93 ./Drivers/STM32F1xx_HAL_Driver/Src/stm32f1xx_hal_rcc.o
 .debug_line    0x0000ce79     0x1c71 ./Drivers/STM32F1xx_HAL_Driver/Src/stm32f1xx_hal_spi.o
 .debug_line    0x0000eaea     0x34c8 ./Drivers/STM32F1xx_HAL_Driver/Src/stm32f1xx_hal_tim.o
 .debug_line    0x00011fb2     0x189e ./Drivers/STM32F1xx_HAL_Driver/Src/stm32f1xx_hal_tim_ex.o
 .debug_line    0x00013850     0x24f6 ./Drivers/STM32F1xx_HAL_Driver/Src/stm32f1xx_hal_uart.o

.debug_str      0x00000000    0x8ef0d
 .debug_str     0x00000000    0x8ef0d ./Core/Src/gpio.o
                              0x866ee (size before relaxing)
 .debug_str     0x0008ef0d    0x86ba8 ./Core/Src/i2c.o
 .debug_str     0x0008ef0d    0x8b19b ./Core/Src/main.o
 .debug_str     0x0008ef0d    0x87416 ./Core/Src/nrf24l01p.o
 .debug_str     0x0008ef0d    0x86aff ./Core/Src/spi.o
 .debug_str     0x0008ef0d    0x86676 ./Core/Src/stm32f1xx_hal_msp.o
 .debug_str     0x0008ef0d    0x86af0 ./Core/Src/stm32f1xx_it.o
 .debug_str     0x0008ef0d    0x864c9 ./Core/Src/system_stm32f1xx.o
 .debug_str     0x0008ef0d    0x86e4a ./Core/Src/tim.o
 .debug_str     0x0008ef0d    0x86e51 ./Core/Src/usart.o
 .debug_str     0x0008ef0d       0x7d ./Core/Startup/startup_stm32f103c8tx.o
 .debug_str     0x0008ef0d    0x86bfc ./Drivers/STM32F1xx_HAL_Driver/Src/stm32f1xx_hal.o
 .debug_str     0x0008ef0d    0x86b48 ./Drivers/STM32F1xx_HAL_Driver/Src/stm32f1xx_hal_cortex.o
 .debug_str     0x0008ef0d    0x86872 ./Drivers/STM32F1xx_HAL_Driver/Src/stm32f1xx_hal_dma.o
 .debug_str     0x0008ef0d    0x8684f ./Drivers/STM32F1xx_HAL_Driver/Src/stm32f1xx_hal_gpio.o
 .debug_str     0x0008ef0d    0x87590 ./Drivers/STM32F1xx_HAL_Driver/Src/stm32f1xx_hal_i2c.o
 .debug_str     0x0008ef0d    0x868f8 ./Drivers/STM32F1xx_HAL_Driver/Src/stm32f1xx_hal_rcc.o
 .debug_str     0x0008ef0d    0x86def ./Drivers/STM32F1xx_HAL_Driver/Src/stm32f1xx_hal_spi.o
 .debug_str     0x0008ef0d    0x878fa ./Drivers/STM32F1xx_HAL_Driver/Src/stm32f1xx_hal_tim.o
 .debug_str     0x0008ef0d    0x87106 ./Drivers/STM32F1xx_HAL_Driver/Src/stm32f1xx_hal_tim_ex.o
 .debug_str     0x0008ef0d    0x86f69 ./Drivers/STM32F1xx_HAL_Driver/Src/stm32f1xx_hal_uart.o

.comment        0x00000000       0x43
 .comment       0x00000000       0x43 ./Core/Src/gpio.o
                                 0x44 (size before relaxing)
 .comment       0x00000043       0x44 ./Core/Src/i2c.o
 .comment       0x00000043       0x44 ./Core/Src/main.o
 .comment       0x00000043       0x44 ./Core/Src/nrf24l01p.o
 .comment       0x00000043       0x44 ./Core/Src/spi.o
 .comment       0x00000043       0x44 ./Core/Src/stm32f1xx_hal_msp.o
 .comment       0x00000043       0x44 ./Core/Src/stm32f1xx_it.o
 .comment       0x00000043       0x44 ./Core/Src/system_stm32f1xx.o
 .comment       0x00000043       0x44 ./Core/Src/tim.o
 .comment       0x00000043       0x44 ./Core/Src/usart.o
 .comment       0x00000043       0x44 ./Drivers/STM32F1xx_HAL_Driver/Src/stm32f1xx_hal.o
 .comment       0x00000043       0x44 ./Drivers/STM32F1xx_HAL_Driver/Src/stm32f1xx_hal_cortex.o
 .comment       0x00000043       0x44 ./Drivers/STM32F1xx_HAL_Driver/Src/stm32f1xx_hal_dma.o
 .comment       0x00000043       0x44 ./Drivers/STM32F1xx_HAL_Driver/Src/stm32f1xx_hal_gpio.o
 .comment       0x00000043       0x44 ./Drivers/STM32F1xx_HAL_Driver/Src/stm32f1xx_hal_i2c.o
 .comment       0x00000043       0x44 ./Drivers/STM32F1xx_HAL_Driver/Src/stm32f1xx_hal_rcc.o
 .comment       0x00000043       0x44 ./Drivers/STM32F1xx_HAL_Driver/Src/stm32f1xx_hal_spi.o
 .comment       0x00000043       0x44 ./Drivers/STM32F1xx_HAL_Driver/Src/stm32f1xx_hal_tim.o
 .comment       0x00000043       0x44 ./Drivers/STM32F1xx_HAL_Driver/Src/stm32f1xx_hal_tim_ex.o
 .comment       0x00000043       0x44 ./Drivers/STM32F1xx_HAL_Driver/Src/stm32f1xx_hal_uart.o

.debug_frame    0x00000000     0x4eb8
 .debug_frame   0x00000000       0x34 ./Core/Src/gpio.o
 .debug_frame   0x00000034       0x74 ./Core/Src/i2c.o
 .debug_frame   0x000000a8      0x340 ./Core/Src/main.o
 .debug_frame   0x000003e8      0x484 ./Core/Src/nrf24l01p.o
 .debug_frame   0x0000086c       0x74 ./Core/Src/spi.o
 .debug_frame   0x000008e0       0x38 ./Core/Src/stm32f1xx_hal_msp.o
 .debug_frame   0x00000918      0x13c ./Core/Src/stm32f1xx_it.o
 .debug_frame   0x00000a54       0x58 ./Core/Src/system_stm32f1xx.o
 .debug_frame   0x00000aac       0xa8 ./Core/Src/tim.o
 .debug_frame   0x00000b54       0x74 ./Core/Src/usart.o
 .debug_frame   0x00000bc8      0x334 ./Drivers/STM32F1xx_HAL_Driver/Src/stm32f1xx_hal.o
 .debug_frame   0x00000efc      0x428 ./Drivers/STM32F1xx_HAL_Driver/Src/stm32f1xx_hal_cortex.o
 .debug_frame   0x00001324      0x208 ./Drivers/STM32F1xx_HAL_Driver/Src/stm32f1xx_hal_dma.o
 .debug_frame   0x0000152c      0x14c ./Drivers/STM32F1xx_HAL_Driver/Src/stm32f1xx_hal_gpio.o
 .debug_frame   0x00001678      0xc84 ./Drivers/STM32F1xx_HAL_Driver/Src/stm32f1xx_hal_i2c.o
 .debug_frame   0x000022fc      0x218 ./Drivers/STM32F1xx_HAL_Driver/Src/stm32f1xx_hal_rcc.o
 .debug_frame   0x00002514      0x824 ./Drivers/STM32F1xx_HAL_Driver/Src/stm32f1xx_hal_spi.o
 .debug_frame   0x00002d38     0x11b8 ./Drivers/STM32F1xx_HAL_Driver/Src/stm32f1xx_hal_tim.o
 .debug_frame   0x00003ef0      0x638 ./Drivers/STM32F1xx_HAL_Driver/Src/stm32f1xx_hal_tim_ex.o
 .debug_frame   0x00004528      0x944 ./Drivers/STM32F1xx_HAL_Driver/Src/stm32f1xx_hal_uart.o
 .debug_frame   0x00004e6c       0x20 C:/ST/STM32CubeIDE_1.17.0/STM32CubeIDE/plugins/com.st.stm32cube.ide.mcu.externaltools.gnu-tools-for-stm32.13.3.rel1.win32_1.0.0.202411081344/tools/bin/../lib/gcc/arm-none-eabi/13.3.1/../../../../arm-none-eabi/lib/thumb/v7-m/nofp\libc_nano.a(libc_a-memset.o)
 .debug_frame   0x00004e8c       0x2c C:/ST/STM32CubeIDE_1.17.0/STM32CubeIDE/plugins/com.st.stm32cube.ide.mcu.externaltools.gnu-tools-for-stm32.13.3.rel1.win32_1.0.0.202411081344/tools/bin/../lib/gcc/arm-none-eabi/13.3.1/../../../../arm-none-eabi/lib/thumb/v7-m/nofp\libc_nano.a(libc_a-init.o)

.debug_line_str
                0x00000000       0x61
 .debug_line_str
                0x00000000       0x61 ./Core/Startup/startup_stm32f103c8tx.o
