../Core/Src/main.c:86:5:_write	24	static
../Core/Src/main.c:119:16:checkPackit	4	static
../Core/Src/main.c:139:6:lf_backward	8	static
../Core/Src/main.c:145:6:lf_forward	8	static
../Core/Src/main.c:151:6:rf_forward	8	static
../Core/Src/main.c:157:6:rf_backward	8	static
../Core/Src/main.c:163:6:lr_forward	8	static
../Core/Src/main.c:169:6:lr_backward	8	static
../Core/Src/main.c:175:6:rr_backward	8	static
../Core/Src/main.c:181:6:rr_forward	8	static
../Core/Src/main.c:186:6:brake	8	static
../Core/Src/main.c:221:6:direction9	16	static
../Core/Src/main.c:231:6:direction8	16	static
../Core/Src/main.c:243:6:direction7	16	static
../Core/Src/main.c:253:6:direction6	16	static
../Core/Src/main.c:265:6:direction4	16	static
../Core/Src/main.c:277:6:direction3	16	static
../Core/Src/main.c:287:6:direction2	16	static
../Core/Src/main.c:299:6:direction1	16	static
../Core/Src/main.c:309:6:turnLeft	8	static
../Core/Src/main.c:321:6:turnRight	8	static
../Core/Src/main.c:344:5:main	8	static
../Core/Src/main.c:456:6:SystemClock_Config	72	static
../Core/Src/main.c:495:13:MX_NVIC_Init	8	static
../Core/Src/main.c:503:6:HAL_GPIO_EXTI_Callback	16	static
../Core/Src/main.c:522:6:Error_Handler	4	static,ignoring_inline_asm
